D:/henhung/BTL/MyApp/Core/Src/main.c:931:13:SPI5_Write	16	static
D:/henhung/BTL/MyApp/Core/Src/main.c:1043:6:StartDefaultTask	8	static
D:/henhung/BTL/MyApp/Core/Src/main.c:272:6:SystemClock_Config	96	static
D:/henhung/BTL/MyApp/Core/Src/main.c:674:6:MX_ADC1_Init	8	static
D:/henhung/BTL/MyApp/Core/Src/main.c:692:6:MX_USART1_UART_Init	8	static
D:/henhung/BTL/MyApp/Core/Src/main.c:179:5:main	120	static
D:/henhung/BTL/MyApp/Core/Src/main.c:775:6:IOE_Init	0	static
D:/henhung/BTL/MyApp/Core/Src/main.c:784:6:IOE_ITConfig	0	static
D:/henhung/BTL/MyApp/Core/Src/main.c:796:6:IOE_Write	32	static
D:/henhung/BTL/MyApp/Core/Src/main.c:807:9:IOE_Read	32	static
D:/henhung/BTL/MyApp/Core/Src/main.c:820:10:IOE_ReadMultiple	24	static
D:/henhung/BTL/MyApp/Core/Src/main.c:829:6:IOE_Delay	0	static
D:/henhung/BTL/MyApp/Core/Src/main.c:957:6:LCD_IO_Init	8	static
D:/henhung/BTL/MyApp/Core/Src/main.c:967:6:LCD_IO_WriteData	16	static
D:/henhung/BTL/MyApp/Core/Src/main.c:983:6:LCD_IO_WriteReg	16	static
D:/henhung/BTL/MyApp/Core/Src/main.c:1002:10:LCD_IO_ReadData	32	static
D:/henhung/BTL/MyApp/Core/Src/main.c:1029:6:LCD_Delay	0	static
D:/henhung/BTL/MyApp/Core/Src/main.c:1062:6:HAL_TIM_PeriodElapsedCallback	0	static
D:/henhung/BTL/MyApp/Core/Src/main.c:1079:6:Error_Handler	0	static
