../../Middlewares/ST/touchgfx/framework/include/touchgfx/Screen.hpp:104:18:virtual void touchgfx::Screen::afterTransition()	0	static
../../Middlewares/ST/touchgfx/framework/include/touchgfx/Screen.hpp:154:18:virtual void touchgfx::Screen::handleKeyEvent(uint8_t)	0	static
D:/henhung/BTL/MyApp/TouchGFX/gui/src/easyscreen_screen/EasyScreenView.cpp:49:6:virtual void EasyScreenView::tearDownScreen()	0	static
../../TouchGFX/gui/include/gui/easyscreen_screen/EasyScreenView.hpp:11:13:EasyScreenView::~EasyScreenView()	8	static
../../TouchGFX/gui/include/gui/easyscreen_screen/EasyScreenView.hpp:11:13:virtual EasyScreenView::~EasyScreenView()	8	static
../../Middlewares/ST/touchgfx/framework/include/touchgfx/Drawable.hpp:588:18:virtual void touchgfx::Drawable::moveTo(int16_t, int16_t)	4	static
D:/henhung/BTL/MyApp/TouchGFX/gui/src/easyscreen_screen/EasyScreenView.cpp:10:1:EasyScreenView::EasyScreenView()	8	static
D:/henhung/BTL/MyApp/TouchGFX/gui/src/easyscreen_screen/EasyScreenView.cpp:19:6:virtual void EasyScreenView::setupScreen()	24	static
D:/henhung/BTL/MyApp/TouchGFX/gui/src/easyscreen_screen/EasyScreenView.cpp:55:6:virtual void EasyScreenView::handleTickEvent()	32	static
