../../TouchGFX/gui/include/gui/model/ModelListener.hpp:12:18:virtual void ModelListener::movePaddle1Left()	0	static
../../TouchGFX/gui/include/gui/model/ModelListener.hpp:13:18:virtual void ModelListener::movePaddle1Right()	0	static
../../TouchGFX/gui/include/gui/model/ModelListener.hpp:14:18:virtual void ModelListener::movePaddle2Left()	0	static
../../TouchGFX/gui/include/gui/model/ModelListener.hpp:15:18:virtual void ModelListener::movePaddle2Right()	0	static
../../TouchGFX/gui/include/gui/model/ModelListener.hpp:16:18:virtual void ModelListener::paddle1Action()	0	static
../../TouchGFX/gui/include/gui/model/ModelListener.hpp:17:18:virtual void ModelListener::paddle2Action()	0	static
../../TouchGFX/gui/include/gui/easyscreen_screen/EasyScreenPresenter.hpp:28:13:EasyScreenPresenter::~EasyScreenPresenter()	0	static
D:/henhung/BTL/MyApp/TouchGFX/gui/src/easyscreen_screen/EasyScreenPresenter.cpp:10:6:virtual void EasyScreenPresenter::activate()	0	static
../../TouchGFX/gui/include/gui/easyscreen_screen/EasyScreenPresenter.hpp:28:13:virtual EasyScreenPresenter::~EasyScreenPresenter()	8	static
../../TouchGFX/gui/include/gui/easyscreen_screen/EasyScreenPresenter.hpp:28:13:virtual void* EasyScreenPresenter::_ZThn4_N19EasyScreenPresenterD1Ev()	0	static
D:/henhung/BTL/MyApp/TouchGFX/gui/src/easyscreen_screen/EasyScreenPresenter.cpp:4:1:EasyScreenPresenter::EasyScreenPresenter(EasyScreenView&)	0	static
