../../TouchGFX/gui/include/gui/model/ModelListener.hpp:12:18:virtual void ModelListener::movePaddle1Left()	0	static
../../TouchGFX/gui/include/gui/model/ModelListener.hpp:13:18:virtual void ModelListener::movePaddle1Right()	0	static
../../TouchGFX/gui/include/gui/model/ModelListener.hpp:14:18:virtual void ModelListener::movePaddle2Left()	0	static
../../TouchGFX/gui/include/gui/model/ModelListener.hpp:15:18:virtual void ModelListener::movePaddle2Right()	0	static
../../TouchGFX/gui/include/gui/model/ModelListener.hpp:16:18:virtual void ModelListener::paddle1Action()	0	static
../../TouchGFX/gui/include/gui/model/ModelListener.hpp:17:18:virtual void ModelListener::paddle2Action()	0	static
../../TouchGFX/gui/include/gui/easyreadyscreen_screen/EasyReadyScreenPresenter.hpp:28:13:EasyReadyScreenPresenter::~EasyReadyScreenPresenter()	0	static
D:/henhung/BTL/MyApp/TouchGFX/gui/src/easyreadyscreen_screen/EasyReadyScreenPresenter.cpp:10:6:virtual void EasyReadyScreenPresenter::activate()	0	static
../../TouchGFX/gui/include/gui/easyreadyscreen_screen/EasyReadyScreenPresenter.hpp:28:13:virtual EasyReadyScreenPresenter::~EasyReadyScreenPresenter()	8	static
../../TouchGFX/gui/include/gui/easyreadyscreen_screen/EasyReadyScreenPresenter.hpp:28:13:virtual void* EasyReadyScreenPresenter::_ZThn4_N24EasyReadyScreenPresenterD1Ev()	0	static
D:/henhung/BTL/MyApp/TouchGFX/gui/src/easyreadyscreen_screen/EasyReadyScreenPresenter.cpp:4:1:EasyReadyScreenPresenter::EasyReadyScreenPresenter(EasyReadyScreenView&)	0	static
