../../Middlewares/ST/touchgfx/framework/include/touchgfx/Screen.hpp:104:18:virtual void touchgfx::Screen::afterTransition()	0	static
../../Middlewares/ST/touchgfx/framework/include/touchgfx/Screen.hpp:144:18:virtual void touchgfx::Screen::handleTickEvent()	0	static
../../Middlewares/ST/touchgfx/framework/include/touchgfx/Screen.hpp:154:18:virtual void touchgfx::Screen::handleKeyEvent(uint8_t)	0	static
D:/henhung/project/BTL-nhung/MyApp/TouchGFX/gui/src/easyscreen_screen/EasyScreenView.cpp:13:6:virtual void EasyScreenView::tearDownScreen()	0	static
../../TouchGFX/gui/include/gui/easyscreen_screen/EasyScreenView.hpp:11:13:EasyScreenView::~EasyScreenView()	8	static
../../TouchGFX/gui/include/gui/easyscreen_screen/EasyScreenView.hpp:11:13:virtual EasyScreenView::~EasyScreenView()	8	static
D:/henhung/project/BTL-nhung/MyApp/TouchGFX/gui/src/easyscreen_screen/EasyScreenView.cpp:3:1:EasyScreenView::EasyScreenView()	8	static
D:/henhung/project/BTL-nhung/MyApp/TouchGFX/gui/src/easyscreen_screen/EasyScreenView.cpp:8:6:virtual void EasyScreenView::setupScreen()	0	static
