../../TouchGFX/gui/include/gui/model/ModelListener.hpp:12:18:virtual void ModelListener::movePaddle1Left()	0	static
../../TouchGFX/gui/include/gui/model/ModelListener.hpp:13:18:virtual void ModelListener::movePaddle1Right()	0	static
../../TouchGFX/gui/include/gui/model/ModelListener.hpp:14:18:virtual void ModelListener::movePaddle2Left()	0	static
../../TouchGFX/gui/include/gui/model/ModelListener.hpp:15:18:virtual void ModelListener::movePaddle2Right()	0	static
../../TouchGFX/gui/include/gui/model/ModelListener.hpp:16:18:virtual void ModelListener::paddle1Action()	0	static
../../TouchGFX/gui/include/gui/model/ModelListener.hpp:17:18:virtual void ModelListener::paddle2Action()	0	static
../../TouchGFX/gui/include/gui/endscreen_screen/EndScreenPresenter.hpp:31:13:EndScreenPresenter::~EndScreenPresenter()	0	static
D:/henhung/BTL/MyApp/TouchGFX/gui/src/endscreen_screen/EndScreenPresenter.cpp:10:6:virtual void EndScreenPresenter::activate()	0	static
D:/henhung/BTL/MyApp/TouchGFX/gui/src/endscreen_screen/EndScreenPresenter.cpp:15:6:virtual void EndScreenPresenter::deactivate()	0	static
../../TouchGFX/gui/include/gui/endscreen_screen/EndScreenPresenter.hpp:31:13:virtual EndScreenPresenter::~EndScreenPresenter()	8	static
../../TouchGFX/gui/include/gui/endscreen_screen/EndScreenPresenter.hpp:31:13:virtual void* EndScreenPresenter::_ZThn4_N18EndScreenPresenterD1Ev()	0	static
D:/henhung/BTL/MyApp/TouchGFX/gui/src/endscreen_screen/EndScreenPresenter.cpp:4:1:EndScreenPresenter::EndScreenPresenter(EndScreenView&)	0	static
D:/henhung/BTL/MyApp/TouchGFX/gui/src/endscreen_screen/EndScreenPresenter.cpp:19:5:int EndScreenPresenter::getWinner(int)	0	static
D:/henhung/BTL/MyApp/TouchGFX/gui/src/endscreen_screen/EndScreenPresenter.cpp:24:6:void EndScreenPresenter::handlePlayAgain()	8	static
