../../Middlewares/ST/touchgfx/framework/include/touchgfx/Screen.hpp:144:18:virtual void touchgfx::Screen::handleTickEvent()	0	static
D:/henhung/project/BTL-nhung/MyApp/TouchGFX/gui/src/hardreadyscreen_screen/HardReadyScreenView.cpp:13:6:virtual void HardReadyScreenView::tearDownScreen()	0	static
../../TouchGFX/gui/include/gui/hardreadyscreen_screen/HardReadyScreenView.hpp:11:13:HardReadyScreenView::~HardReadyScreenView()	8	static
../../TouchGFX/gui/include/gui/hardreadyscreen_screen/HardReadyScreenView.hpp:11:13:virtual HardReadyScreenView::~HardReadyScreenView()	8	static
D:/henhung/project/BTL-nhung/MyApp/TouchGFX/gui/src/hardreadyscreen_screen/HardReadyScreenView.cpp:3:1:HardReadyScreenView::HardReadyScreenView()	8	static
D:/henhung/project/BTL-nhung/MyApp/TouchGFX/gui/src/hardreadyscreen_screen/HardReadyScreenView.cpp:8:6:virtual void HardReadyScreenView::setupScreen()	0	static
