../../Middlewares/ST/touchgfx/framework/include/touchgfx/Screen.hpp:104:18:virtual void touchgfx::Screen::afterTransition()	0	static
../../Middlewares/ST/touchgfx/framework/include/touchgfx/Screen.hpp:144:18:virtual void touchgfx::Screen::handleTickEvent()	0	static
../../Middlewares/ST/touchgfx/framework/include/touchgfx/Screen.hpp:154:18:virtual void touchgfx::Screen::handleKeyEvent(uint8_t)	0	static
D:/henhung/BTL/MyApp/TouchGFX/gui/src/hardscreen_screen/HardScreenView.cpp:13:6:virtual void HardScreenView::tearDownScreen()	0	static
../../TouchGFX/gui/include/gui/hardscreen_screen/HardScreenView.hpp:11:13:HardScreenView::~HardScreenView()	8	static
../../TouchGFX/gui/include/gui/hardscreen_screen/HardScreenView.hpp:11:13:virtual HardScreenView::~HardScreenView()	8	static
D:/henhung/BTL/MyApp/TouchGFX/gui/src/hardscreen_screen/HardScreenView.cpp:3:1:HardScreenView::HardScreenView()	8	static
D:/henhung/BTL/MyApp/TouchGFX/gui/src/hardscreen_screen/HardScreenView.cpp:8:6:virtual void HardScreenView::setupScreen()	0	static
