../../TouchGFX/gui/include/gui/hardscreen_screen/HardScreenPresenter.hpp:28:13:HardScreenPresenter::~HardScreenPresenter()	0	static
D:/henhung/BTL/MyApp/TouchGFX/gui/src/hardscreen_screen/HardScreenPresenter.cpp:10:6:virtual void HardScreenPresenter::activate()	0	static
../../TouchGFX/gui/include/gui/hardscreen_screen/HardScreenPresenter.hpp:28:13:virtual HardScreenPresenter::~HardScreenPresenter()	8	static
../../TouchGFX/gui/include/gui/hardscreen_screen/HardScreenPresenter.hpp:28:13:virtual void* HardScreenPresenter::_ZThn4_N19HardScreenPresenterD1Ev()	0	static
D:/henhung/BTL/MyApp/TouchGFX/gui/src/hardscreen_screen/HardScreenPresenter.cpp:4:1:HardScreenPresenter::HardScreenPresenter(HardScreenView&)	0	static
