../../TouchGFX/gui/include/gui/model/ModelListener.hpp:12:18:virtual void ModelListener::movePaddle1Left()	0	static
../../TouchGFX/gui/include/gui/model/ModelListener.hpp:13:18:virtual void ModelListener::movePaddle1Right()	0	static
../../TouchGFX/gui/include/gui/model/ModelListener.hpp:14:18:virtual void ModelListener::movePaddle2Left()	0	static
../../TouchGFX/gui/include/gui/model/ModelListener.hpp:15:18:virtual void ModelListener::movePaddle2Right()	0	static
../../TouchGFX/gui/include/gui/model/ModelListener.hpp:16:18:virtual void ModelListener::paddle1Action()	0	static
../../TouchGFX/gui/include/gui/model/ModelListener.hpp:17:18:virtual void ModelListener::paddle2Action()	0	static
../../TouchGFX/gui/include/gui/hardreadyscreen_screen/HardReadyScreenPresenter.hpp:28:13:HardReadyScreenPresenter::~HardReadyScreenPresenter()	0	static
D:/henhung/BTL/MyApp/TouchGFX/gui/src/hardreadyscreen_screen/HardReadyScreenPresenter.cpp:10:6:virtual void HardReadyScreenPresenter::activate()	0	static
../../TouchGFX/gui/include/gui/hardreadyscreen_screen/HardReadyScreenPresenter.hpp:28:13:virtual HardReadyScreenPresenter::~HardReadyScreenPresenter()	8	static
../../TouchGFX/gui/include/gui/hardreadyscreen_screen/HardReadyScreenPresenter.hpp:28:13:virtual void* HardReadyScreenPresenter::_ZThn4_N24HardReadyScreenPresenterD1Ev()	0	static
D:/henhung/BTL/MyApp/TouchGFX/gui/src/hardreadyscreen_screen/HardReadyScreenPresenter.cpp:4:1:HardReadyScreenPresenter::HardReadyScreenPresenter(HardReadyScreenView&)	0	static
