../../TouchGFX/gui/include/gui/model/ModelListener.hpp:12:18:virtual void ModelListener::movePaddle1Left()	0	static
../../TouchGFX/gui/include/gui/model/ModelListener.hpp:13:18:virtual void ModelListener::movePaddle1Right()	0	static
../../TouchGFX/gui/include/gui/model/ModelListener.hpp:14:18:virtual void ModelListener::movePaddle2Left()	0	static
../../TouchGFX/gui/include/gui/model/ModelListener.hpp:15:18:virtual void ModelListener::movePaddle2Right()	0	static
../../TouchGFX/gui/include/gui/model/ModelListener.hpp:16:18:virtual void ModelListener::paddle1Action()	0	static
../../TouchGFX/gui/include/gui/model/ModelListener.hpp:17:18:virtual void ModelListener::paddle2Action()	0	static
../../TouchGFX/gui/include/gui/mediumscreen_screen/MediumScreenPresenter.hpp:30:13:MediumScreenPresenter::~MediumScreenPresenter()	0	static
D:/henhung/BTL/MyApp/TouchGFX/gui/src/mediumscreen_screen/MediumScreenPresenter.cpp:15:6:virtual void MediumScreenPresenter::deactivate()	0	static
../../TouchGFX/gui/include/gui/mediumscreen_screen/MediumScreenPresenter.hpp:30:13:virtual MediumScreenPresenter::~MediumScreenPresenter()	8	static
D:/henhung/BTL/MyApp/TouchGFX/gui/src/mediumscreen_screen/MediumScreenPresenter.cpp:10:6:virtual void MediumScreenPresenter::activate()	0	static
../../TouchGFX/gui/include/gui/mediumscreen_screen/MediumScreenPresenter.hpp:30:13:virtual void* MediumScreenPresenter::_ZThn4_N21MediumScreenPresenterD1Ev()	0	static
D:/henhung/BTL/MyApp/TouchGFX/gui/src/mediumscreen_screen/MediumScreenPresenter.cpp:4:1:MediumScreenPresenter::MediumScreenPresenter(MediumScreenView&)	0	static
D:/henhung/BTL/MyApp/TouchGFX/gui/src/mediumscreen_screen/MediumScreenPresenter.cpp:23:6:void MediumScreenPresenter::goToEndScreen(int)	8	static
