../../TouchGFX/gui/include/gui/model/ModelListener.hpp:12:18:virtual void ModelListener::movePaddle1Left()	0	static
../../TouchGFX/gui/include/gui/model/ModelListener.hpp:13:18:virtual void ModelListener::movePaddle1Right()	0	static
../../TouchGFX/gui/include/gui/model/ModelListener.hpp:14:18:virtual void ModelListener::movePaddle2Left()	0	static
../../TouchGFX/gui/include/gui/model/ModelListener.hpp:15:18:virtual void ModelListener::movePaddle2Right()	0	static
../../TouchGFX/gui/include/gui/model/ModelListener.hpp:16:18:virtual void ModelListener::paddle1Action()	0	static
../../TouchGFX/gui/include/gui/model/ModelListener.hpp:17:18:virtual void ModelListener::paddle2Action()	0	static
../../TouchGFX/gui/include/gui/mediumreadyscreen_screen/MediumReadyScreenPresenter.hpp:28:13:MediumReadyScreenPresenter::~MediumReadyScreenPresenter()	0	static
D:/henhung/BTL/MyApp/TouchGFX/gui/src/mediumreadyscreen_screen/MediumReadyScreenPresenter.cpp:10:6:virtual void MediumReadyScreenPresenter::activate()	0	static
../../TouchGFX/gui/include/gui/mediumreadyscreen_screen/MediumReadyScreenPresenter.hpp:28:13:virtual MediumReadyScreenPresenter::~MediumReadyScreenPresenter()	8	static
../../TouchGFX/gui/include/gui/mediumreadyscreen_screen/MediumReadyScreenPresenter.hpp:28:13:virtual void* MediumReadyScreenPresenter::_ZThn4_N26MediumReadyScreenPresenterD1Ev()	0	static
D:/henhung/BTL/MyApp/TouchGFX/gui/src/mediumreadyscreen_screen/MediumReadyScreenPresenter.cpp:4:1:MediumReadyScreenPresenter::MediumReadyScreenPresenter(MediumReadyScreenView&)	0	static
